zkmap_provisional: n=256, repetitions=10, mode=fft, threads=10
Output: /Users/hyunokoh/Develop/Projects/Lamp/upstream-current/benchmark/comparison/zkmap_operations_20260930_run1/n256_fft.jsonl

Preparing prover (setup and preprocessing)...
Setup/preprocessing complete: 0.530s

Attempt 1/10...
  Attempt 1 complete. Online: 0.150s, Total: 0.257s
    Challenge Y: 503945a533a2b65b (first 16 chars)
    Mode: fft, Remainder zero: false, Witness exists: false
    Pairing accepted: false, Mu dot consistent: true

Attempt 2/10...
  Attempt 2 complete. Online: 0.160s, Total: 0.264s
    Challenge Y: 0766fd8c8a22d8e3 (first 16 chars)
    Mode: fft, Remainder zero: false, Witness exists: false
    Pairing accepted: false, Mu dot consistent: true

Attempt 3/10...
  Attempt 3 complete. Online: 0.149s, Total: 0.254s
    Challenge Y: 9b1cd20c33508c04 (first 16 chars)
    Mode: fft, Remainder zero: false, Witness exists: false
    Pairing accepted: false, Mu dot consistent: true

Attempt 4/10...
  Attempt 4 complete. Online: 0.153s, Total: 0.258s
    Challenge Y: 36edeb1581e4a718 (first 16 chars)
    Mode: fft, Remainder zero: false, Witness exists: false
    Pairing accepted: false, Mu dot consistent: true

Attempt 5/10...
  Attempt 5 complete. Online: 0.147s, Total: 0.256s
    Challenge Y: be592ddda2d71909 (first 16 chars)
    Mode: fft, Remainder zero: false, Witness exists: false
    Pairing accepted: false, Mu dot consistent: true

Attempt 6/10...
  Attempt 6 complete. Online: 0.148s, Total: 0.252s
    Challenge Y: 05d5ed43e13aeac6 (first 16 chars)
    Mode: fft, Remainder zero: false, Witness exists: false
    Pairing accepted: false, Mu dot consistent: true

Attempt 7/10...
  Attempt 7 complete. Online: 0.159s, Total: 0.270s
    Challenge Y: 1eaa1e6ff105d0aa (first 16 chars)
    Mode: fft, Remainder zero: false, Witness exists: false
    Pairing accepted: false, Mu dot consistent: true

Attempt 8/10...
  Attempt 8 complete. Online: 0.145s, Total: 0.258s
    Challenge Y: dd9274b67b244597 (first 16 chars)
    Mode: fft, Remainder zero: false, Witness exists: false
    Pairing accepted: false, Mu dot consistent: true

Attempt 9/10...
  Attempt 9 complete. Online: 0.148s, Total: 0.255s
    Challenge Y: 9ddc504ac7a69da3 (first 16 chars)
    Mode: fft, Remainder zero: false, Witness exists: false
    Pairing accepted: false, Mu dot consistent: true

Attempt 10/10...
  Attempt 10 complete. Online: 0.144s, Total: 0.250s
    Challenge Y: be5a9dd7e4783e52 (first 16 chars)
    Mode: fft, Remainder zero: false, Witness exists: false
    Pairing accepted: false, Mu dot consistent: true

Results: 10/10 successful attempts written to /Users/hyunokoh/Develop/Projects/Lamp/upstream-current/benchmark/comparison/zkmap_operations_20260930_run1/n256_fft.jsonl
        3.11 real        18.29 user         0.24 sys
            70975488  maximum resident set size
                   0  average shared memory size
                   0  average unshared data size
                   0  average unshared stack size
                4523  page reclaims
                   9  page faults
                   0  swaps
                   0  block input operations
                   0  block output operations
                   0  messages sent
                   0  messages received
                1723  signals received
                1358  voluntary context switches
               29959  involuntary context switches
        149487080347  instructions retired
         53382993708  cycles elapsed
            68321856  peak memory footprint
