🔬 COMPONENT-ONLY PLONK Backend Probe (test-only, not a production replacement)

🔍 [PLONK Probe] logK=4, K=16, N=64, L=5
  ⚠️  COMPONENT-ONLY PROBE — not a production or full LAMP replacement
  Matrix computation and encoding...
  Distinct query indices: 5/5
  Circuit compilation...
09:27:12 INF compiling circuit
09:27:12 INF parsed circuit inputs nbPublic=11 nbSecret=495
09:27:12 INF building constraint builder nbConstraints=6006
  KZG SRS setup (test-only)...
09:27:12 DBG fetching SRS from mem cache curve=bn254 key=kzgsrs-bn254-8195 package=kzgsrs size=8195
09:27:12 DBG SRS not found in mem cache curve=bn254 package=kzgsrs size=8195
09:27:12 DBG SRS not found in cache, generating curve=bn254 package=kzgsrs size=8195
  PLONK setup...
  Proving...
09:27:13 DBG constraint system solver done nbConstraints=6006 took=8.376292
09:27:13 DBG prover done backend=plonk curve=bn254 nbConstraints=6006 took=228.596375
  Verifying...
09:27:13 DBG verifier done backend=plonk curve=bn254 took=2.28525
  ✅ Verification passed

  📊 PLONK Probe Results:
    Constraints: 6006
    Compile: 0.009 s
    KZG SRS: 0.187 s
    Setup: 0.070 s
    Prove: 0.229 s
    Verify: 0.002 s
    Proof size: 776 B
    Verification: true
PLONK_PROBE_JSON={"LogK":4,"Rho":"1/4","N":64,"NumQueries":5,"DistinctQueries":5,"Constraints":6006,"CompileTime":0.009006041,"MatrixComputeTime":0.000812708,"DataCommitTime":0.041460334,"EncodingTime":0.001473541,"KZGSRSTime":0.186986292,"SetupTime":0.070383,"ProveTime":0.228742834,"VerifyTime":0.002331375,"ProofSizeBytes":776,"VerificationOK":true,"PeakMemoryBytes":45907968,"HostGoOS":"darwin","HostGoArch":"arm64","HostGoVersion":"go1.26.2","HostNumCPU":10}

✅ PLONK Probe Complete
  LogK=4, Rho=1/4, N=64, L=5
  Constraints: 6006
  Compile: 0.009 s, KZG SRS: 0.187 s, Setup: 0.070 s
  Prove: 0.229 s, Verify: 0.002 s
  Proof size: 776 B
  Verification: true
