🔬 COMPONENT-ONLY PLONK Backend Probe (test-only, not a production replacement)

🔍 [PLONK Probe] logK=4, K=16, N=64, L=5
  ⚠️  COMPONENT-ONLY PROBE — not a production or full LAMP replacement
  Matrix computation and encoding...
  Distinct query indices: 5/5
  Circuit compilation...
09:27:13 INF compiling circuit
09:27:13 INF parsed circuit inputs nbPublic=11 nbSecret=495
09:27:13 INF building constraint builder nbConstraints=6006
  KZG SRS setup (test-only)...
09:27:13 DBG fetching SRS from mem cache curve=bn254 key=kzgsrs-bn254-8195 package=kzgsrs size=8195
09:27:13 DBG SRS not found in mem cache curve=bn254 package=kzgsrs size=8195
09:27:13 DBG SRS not found in cache, generating curve=bn254 package=kzgsrs size=8195
  PLONK setup...
  Proving...
09:27:13 DBG constraint system solver done nbConstraints=6006 took=8.986041
09:27:13 DBG prover done backend=plonk curve=bn254 nbConstraints=6006 took=222.037
  Verifying...
09:27:13 DBG verifier done backend=plonk curve=bn254 took=4.452125
  ✅ Verification passed

  📊 PLONK Probe Results:
    Constraints: 6006
    Compile: 0.004 s
    KZG SRS: 0.182 s
    Setup: 0.081 s
    Prove: 0.223 s
    Verify: 0.005 s
    Proof size: 776 B
    Verification: true
PLONK_PROBE_JSON={"LogK":4,"Rho":"1/4","N":64,"NumQueries":5,"DistinctQueries":5,"Constraints":6006,"CompileTime":0.003943334,"MatrixComputeTime":0.000318625,"DataCommitTime":0.029165042,"EncodingTime":0.00041991699999999996,"KZGSRSTime":0.181970833,"SetupTime":0.081030958,"ProveTime":0.2228785,"VerifyTime":0.004528916,"ProofSizeBytes":776,"VerificationOK":true,"PeakMemoryBytes":43728896,"HostGoOS":"darwin","HostGoArch":"arm64","HostGoVersion":"go1.26.2","HostNumCPU":10}

✅ PLONK Probe Complete
  LogK=4, Rho=1/4, N=64, L=5
  Constraints: 6006
  Compile: 0.004 s, KZG SRS: 0.182 s, Setup: 0.081 s
  Prove: 0.223 s, Verify: 0.005 s
  Proof size: 776 B
  Verification: true
