🔬 COMPONENT-ONLY PLONK Backend Probe (test-only, not a production replacement)

🔍 [PLONK Probe] logK=4, K=16, N=64, L=5
  ⚠️  COMPONENT-ONLY PROBE — not a production or full LAMP replacement
  Matrix computation and encoding...
  Distinct query indices: 5/5
  Circuit compilation...
09:27:19 INF compiling circuit
09:27:19 INF parsed circuit inputs nbPublic=11 nbSecret=495
09:27:19 INF building constraint builder nbConstraints=6006
  KZG SRS setup (test-only)...
09:27:19 DBG fetching SRS from mem cache curve=bn254 key=kzgsrs-bn254-8195 package=kzgsrs size=8195
09:27:19 DBG SRS not found in mem cache curve=bn254 package=kzgsrs size=8195
09:27:19 DBG SRS not found in cache, generating curve=bn254 package=kzgsrs size=8195
  PLONK setup...
  Proving...
09:27:19 DBG constraint system solver done nbConstraints=6006 took=18.8665
09:27:19 DBG prover done backend=plonk curve=bn254 nbConstraints=6006 took=333.878542
  Verifying...
09:27:19 DBG verifier done backend=plonk curve=bn254 took=2.084709
  ✅ Verification passed

  📊 PLONK Probe Results:
    Constraints: 6006
    Compile: 0.005 s
    KZG SRS: 0.278 s
    Setup: 0.137 s
    Prove: 0.334 s
    Verify: 0.002 s
    Proof size: 776 B
    Verification: true
PLONK_PROBE_JSON={"LogK":4,"Rho":"1/4","N":64,"NumQueries":5,"DistinctQueries":5,"Constraints":6006,"CompileTime":0.004512333,"MatrixComputeTime":0.000646208,"DataCommitTime":0.037878084,"EncodingTime":0.000805625,"KZGSRSTime":0.277715292,"SetupTime":0.137319417,"ProveTime":0.333966542,"VerifyTime":0.002146333,"ProofSizeBytes":776,"VerificationOK":true,"PeakMemoryBytes":36126720,"HostGoOS":"darwin","HostGoArch":"arm64","HostGoVersion":"go1.26.2","HostNumCPU":10}

✅ PLONK Probe Complete
  LogK=4, Rho=1/4, N=64, L=5
  Constraints: 6006
  Compile: 0.005 s, KZG SRS: 0.278 s, Setup: 0.137 s
  Prove: 0.334 s, Verify: 0.002 s
  Proof size: 776 B
  Verification: true
