🔬 COMPONENT-ONLY PLONK Backend Probe (test-only, not a production replacement)

🔍 [PLONK Probe] logK=4, K=16, N=64, L=5
  ⚠️  COMPONENT-ONLY PROBE — not a production or full LAMP replacement
  Matrix computation and encoding...
  Distinct query indices: 5/5
  Circuit compilation...
09:27:16 INF compiling circuit
09:27:16 INF parsed circuit inputs nbPublic=11 nbSecret=495
09:27:16 INF building constraint builder nbConstraints=6006
  KZG SRS setup (test-only)...
09:27:16 DBG fetching SRS from mem cache curve=bn254 key=kzgsrs-bn254-8195 package=kzgsrs size=8195
09:27:16 DBG SRS not found in mem cache curve=bn254 package=kzgsrs size=8195
09:27:16 DBG SRS not found in cache, generating curve=bn254 package=kzgsrs size=8195
  PLONK setup...
  Proving...
09:27:16 DBG constraint system solver done nbConstraints=6006 took=9.074417
09:27:16 DBG prover done backend=plonk curve=bn254 nbConstraints=6006 took=224.139042
  Verifying...
09:27:16 DBG verifier done backend=plonk curve=bn254 took=3.714
  ✅ Verification passed

  📊 PLONK Probe Results:
    Constraints: 6006
    Compile: 0.004 s
    KZG SRS: 0.198 s
    Setup: 0.074 s
    Prove: 0.224 s
    Verify: 0.004 s
    Proof size: 776 B
    Verification: true
PLONK_PROBE_JSON={"LogK":4,"Rho":"1/4","N":64,"NumQueries":5,"DistinctQueries":5,"Constraints":6006,"CompileTime":0.003710166,"MatrixComputeTime":0.000604542,"DataCommitTime":0.034230959,"EncodingTime":0.0009635,"KZGSRSTime":0.19835475,"SetupTime":0.073868667,"ProveTime":0.224234292,"VerifyTime":0.003789792,"ProofSizeBytes":776,"VerificationOK":true,"PeakMemoryBytes":45006848,"HostGoOS":"darwin","HostGoArch":"arm64","HostGoVersion":"go1.26.2","HostNumCPU":10}

✅ PLONK Probe Complete
  LogK=4, Rho=1/4, N=64, L=5
  Constraints: 6006
  Compile: 0.004 s, KZG SRS: 0.198 s, Setup: 0.074 s
  Prove: 0.224 s, Verify: 0.004 s
  Proof size: 776 B
  Verification: true
