🔬 COMPONENT-ONLY PLONK Backend Probe (test-only, not a production replacement)

🔍 [PLONK Probe] logK=4, K=16, N=64, L=5
  ⚠️  COMPONENT-ONLY PROBE — not a production or full LAMP replacement
  Matrix computation and encoding...
  Distinct query indices: 5/5
  Circuit compilation...
09:27:20 INF compiling circuit
09:27:20 INF parsed circuit inputs nbPublic=11 nbSecret=495
09:27:20 INF building constraint builder nbConstraints=6006
  KZG SRS setup (test-only)...
09:27:20 DBG fetching SRS from mem cache curve=bn254 key=kzgsrs-bn254-8195 package=kzgsrs size=8195
09:27:20 DBG SRS not found in mem cache curve=bn254 package=kzgsrs size=8195
09:27:20 DBG SRS not found in cache, generating curve=bn254 package=kzgsrs size=8195
  PLONK setup...
  Proving...
09:27:20 DBG constraint system solver done nbConstraints=6006 took=9.897625
09:27:21 DBG prover done backend=plonk curve=bn254 nbConstraints=6006 took=403.130083
  Verifying...
09:27:21 DBG verifier done backend=plonk curve=bn254 took=4.716
  ✅ Verification passed

  📊 PLONK Probe Results:
    Constraints: 6006
    Compile: 0.007 s
    KZG SRS: 0.219 s
    Setup: 0.076 s
    Prove: 0.403 s
    Verify: 0.005 s
    Proof size: 776 B
    Verification: true
PLONK_PROBE_JSON={"LogK":4,"Rho":"1/4","N":64,"NumQueries":5,"DistinctQueries":5,"Constraints":6006,"CompileTime":0.006907375,"MatrixComputeTime":0.00066525,"DataCommitTime":0.035961375,"EncodingTime":0.000943125,"KZGSRSTime":0.218857792,"SetupTime":0.076321125,"ProveTime":0.40322475,"VerifyTime":0.004817625,"ProofSizeBytes":776,"VerificationOK":true,"PeakMemoryBytes":34553856,"HostGoOS":"darwin","HostGoArch":"arm64","HostGoVersion":"go1.26.2","HostNumCPU":10}

✅ PLONK Probe Complete
  LogK=4, Rho=1/4, N=64, L=5
  Constraints: 6006
  Compile: 0.007 s, KZG SRS: 0.219 s, Setup: 0.076 s
  Prove: 0.403 s, Verify: 0.005 s
  Proof size: 776 B
  Verification: true
