🔬 COMPONENT-ONLY PLONK Backend Probe (test-only, not a production replacement)

🔍 [PLONK Probe] logK=4, K=16, N=64, L=5
  ⚠️  COMPONENT-ONLY PROBE — not a production or full LAMP replacement
  Matrix computation and encoding...
  Distinct query indices: 5/5
  Circuit compilation...
09:27:24 INF compiling circuit
09:27:24 INF parsed circuit inputs nbPublic=11 nbSecret=495
09:27:24 INF building constraint builder nbConstraints=6006
  KZG SRS setup (test-only)...
09:27:24 DBG fetching SRS from mem cache curve=bn254 key=kzgsrs-bn254-8195 package=kzgsrs size=8195
09:27:24 DBG SRS not found in mem cache curve=bn254 package=kzgsrs size=8195
09:27:24 DBG SRS not found in cache, generating curve=bn254 package=kzgsrs size=8195
  PLONK setup...
  Proving...
09:27:24 DBG constraint system solver done nbConstraints=6006 took=16.318042
09:27:24 DBG prover done backend=plonk curve=bn254 nbConstraints=6006 took=359.087292
  Verifying...
09:27:24 DBG verifier done backend=plonk curve=bn254 took=2.220292
  ✅ Verification passed

  📊 PLONK Probe Results:
    Constraints: 6006
    Compile: 0.010 s
    KZG SRS: 0.280 s
    Setup: 0.123 s
    Prove: 0.359 s
    Verify: 0.002 s
    Proof size: 776 B
    Verification: true
PLONK_PROBE_JSON={"LogK":4,"Rho":"1/4","N":64,"NumQueries":5,"DistinctQueries":5,"Constraints":6006,"CompileTime":0.009512959,"MatrixComputeTime":0.000890208,"DataCommitTime":0.039316709,"EncodingTime":0.0007747510000000001,"KZGSRSTime":0.279717375,"SetupTime":0.122652666,"ProveTime":0.359173333,"VerifyTime":0.002245292,"ProofSizeBytes":776,"VerificationOK":true,"PeakMemoryBytes":46432256,"HostGoOS":"darwin","HostGoArch":"arm64","HostGoVersion":"go1.26.2","HostNumCPU":10}

✅ PLONK Probe Complete
  LogK=4, Rho=1/4, N=64, L=5
  Constraints: 6006
  Compile: 0.010 s, KZG SRS: 0.280 s, Setup: 0.123 s
  Prove: 0.359 s, Verify: 0.002 s
  Proof size: 776 B
  Verification: true
