🔬 COMPONENT-ONLY PLONK Backend Probe (test-only, not a production replacement)

🔍 [PLONK Probe] logK=4, K=16, N=64, L=5
  ⚠️  COMPONENT-ONLY PROBE — not a production or full LAMP replacement
  Matrix computation and encoding...
  Distinct query indices: 5/5
  Circuit compilation...
09:27:23 INF compiling circuit
09:27:23 INF parsed circuit inputs nbPublic=11 nbSecret=495
09:27:23 INF building constraint builder nbConstraints=6006
  KZG SRS setup (test-only)...
09:27:23 DBG fetching SRS from mem cache curve=bn254 key=kzgsrs-bn254-8195 package=kzgsrs size=8195
09:27:23 DBG SRS not found in mem cache curve=bn254 package=kzgsrs size=8195
09:27:23 DBG SRS not found in cache, generating curve=bn254 package=kzgsrs size=8195
  PLONK setup...
  Proving...
09:27:23 DBG constraint system solver done nbConstraints=6006 took=12.945042
09:27:24 DBG prover done backend=plonk curve=bn254 nbConstraints=6006 took=355.217
  Verifying...
09:27:24 DBG verifier done backend=plonk curve=bn254 took=2.984083
  ✅ Verification passed

  📊 PLONK Probe Results:
    Constraints: 6006
    Compile: 0.007 s
    KZG SRS: 0.275 s
    Setup: 0.140 s
    Prove: 0.355 s
    Verify: 0.003 s
    Proof size: 776 B
    Verification: true
PLONK_PROBE_JSON={"LogK":4,"Rho":"1/4","N":64,"NumQueries":5,"DistinctQueries":5,"Constraints":6006,"CompileTime":0.006712166,"MatrixComputeTime":0.000320708,"DataCommitTime":0.050140041,"EncodingTime":0.0004888340000000001,"KZGSRSTime":0.274856125,"SetupTime":0.140392375,"ProveTime":0.355292583,"VerifyTime":0.003067083,"ProofSizeBytes":776,"VerificationOK":true,"PeakMemoryBytes":48873472,"HostGoOS":"darwin","HostGoArch":"arm64","HostGoVersion":"go1.26.2","HostNumCPU":10}

✅ PLONK Probe Complete
  LogK=4, Rho=1/4, N=64, L=5
  Constraints: 6006
  Compile: 0.007 s, KZG SRS: 0.275 s, Setup: 0.140 s
  Prove: 0.355 s, Verify: 0.003 s
  Proof size: 776 B
  Verification: true
