🔬 COMPONENT-ONLY PLONK Backend Probe (test-only, not a production replacement)

🔍 [PLONK Probe] logK=4, K=16, N=64, L=5
  ⚠️  COMPONENT-ONLY PROBE — not a production or full LAMP replacement
  Matrix computation and encoding...
  Distinct query indices: 4/5
  Circuit compilation...
09:27:13 INF compiling circuit
09:27:13 INF parsed circuit inputs nbPublic=11 nbSecret=495
09:27:13 INF building constraint builder nbConstraints=6006
  KZG SRS setup (test-only)...
09:27:13 DBG fetching SRS from mem cache curve=bn254 key=kzgsrs-bn254-8195 package=kzgsrs size=8195
09:27:13 DBG SRS not found in mem cache curve=bn254 package=kzgsrs size=8195
09:27:13 DBG SRS not found in cache, generating curve=bn254 package=kzgsrs size=8195
  PLONK setup...
  Proving...
09:27:14 DBG constraint system solver done nbConstraints=6006 took=10.794334
09:27:14 DBG prover done backend=plonk curve=bn254 nbConstraints=6006 took=218.196417
  Verifying...
09:27:14 DBG verifier done backend=plonk curve=bn254 took=4.574
  ✅ Verification passed

  📊 PLONK Probe Results:
    Constraints: 6006
    Compile: 0.008 s
    KZG SRS: 0.174 s
    Setup: 0.066 s
    Prove: 0.218 s
    Verify: 0.005 s
    Proof size: 776 B
    Verification: true
PLONK_PROBE_JSON={"LogK":4,"Rho":"1/4","N":64,"NumQueries":5,"DistinctQueries":4,"Constraints":6006,"CompileTime":0.007824125,"MatrixComputeTime":0.000931708,"DataCommitTime":0.037894709,"EncodingTime":0.001259125,"KZGSRSTime":0.173870833,"SetupTime":0.06626625,"ProveTime":0.2183465,"VerifyTime":0.004691416,"ProofSizeBytes":776,"VerificationOK":true,"PeakMemoryBytes":41418752,"HostGoOS":"darwin","HostGoArch":"arm64","HostGoVersion":"go1.26.2","HostNumCPU":10}

✅ PLONK Probe Complete
  LogK=4, Rho=1/4, N=64, L=5
  Constraints: 6006
  Compile: 0.008 s, KZG SRS: 0.174 s, Setup: 0.066 s
  Prove: 0.218 s, Verify: 0.005 s
  Proof size: 776 B
  Verification: true
